yarn run v1.22.22
$ craco start
Starting the development server...

Compiled successfully!

You can now view frontend in the browser.

  Local:            http://localhost:3000
  On Your Network:  http://192.168.1.177:3000

Note that the development build is not optimized.
To create a production build, use yarn build.

webpack compiled [1m[32msuccessfully[39m[22m
Compiling...
Compiled with warnings.

[eslint] 
src\pages\DashboardAvancado.jsx
  Line 237:5:  React Hook useMemo has a missing dependency: 'getSemestreProjeto'. Either include it or remove the dependency array                                     react-hooks/exhaustive-deps
  Line 260:6:  React Hook useMemo has missing dependencies: 'getRiscoPorTerminoContrato' and 'getSemestreProjeto'. Either include them or remove the dependency array  react-hooks/exhaustive-deps
  Line 273:6:  React Hook useMemo has a missing dependency: 'getSemestreProjeto'. Either include it or remove the dependency array                                     react-hooks/exhaustive-deps

Search for the keywords to learn more about each warning.
To ignore, add // eslint-disable-next-line to the line before.

[1m[33mWARNING[39m[22m in [1m[eslint] 
src\pages\DashboardAvancado.jsx
  Line 237:5:  React Hook useMemo has a missing dependency: 'getSemestreProjeto'. Either include it or remove the dependency array                                     react-hooks/exhaustive-deps
  Line 260:6:  React Hook useMemo has missing dependencies: 'getRiscoPorTerminoContrato' and 'getSemestreProjeto'. Either include them or remove the dependency array  react-hooks/exhaustive-deps
  Line 273:6:  React Hook useMemo has a missing dependency: 'getSemestreProjeto'. Either include it or remove the dependency array                                     react-hooks/exhaustive-deps

[39m[22m

webpack compiled with [1m[33m1 warning[39m[22m
Compiling...
Compiled with warnings.

[eslint] 
src\pages\DashboardAvancado.jsx
  Line 237:5:  React Hook useMemo has a missing dependency: 'getSemestreProjeto'. Either include it or remove the dependency array                                     react-hooks/exhaustive-deps
  Line 260:6:  React Hook useMemo has missing dependencies: 'getRiscoPorTerminoContrato' and 'getSemestreProjeto'. Either include them or remove the dependency array  react-hooks/exhaustive-deps
  Line 273:6:  React Hook useMemo has a missing dependency: 'getSemestreProjeto'. Either include it or remove the dependency array                                     react-hooks/exhaustive-deps

Search for the keywords to learn more about each warning.
To ignore, add // eslint-disable-next-line to the line before.

[1m[33mWARNING[39m[22m in [1m[eslint] 
src\pages\DashboardAvancado.jsx
  Line 237:5:  React Hook useMemo has a missing dependency: 'getSemestreProjeto'. Either include it or remove the dependency array                                     react-hooks/exhaustive-deps
  Line 260:6:  React Hook useMemo has missing dependencies: 'getRiscoPorTerminoContrato' and 'getSemestreProjeto'. Either include them or remove the dependency array  react-hooks/exhaustive-deps
  Line 273:6:  React Hook useMemo has a missing dependency: 'getSemestreProjeto'. Either include it or remove the dependency array                                     react-hooks/exhaustive-deps

[39m[22m

webpack compiled with [1m[33m1 warning[39m[22m
